// Jest Snapshot v1, https://goo.gl/fbAQLP

exports[`Navbar rendering Navbar rendering 1`] = `
<section
  className="country-container"
/>
`;
